---
source: tests/lifecycle.rs
expression: out.stderr
---
▶ preparing acme/widgets
▶ staging on ship/prepare-[nonce] from main
▶ dispatching prepare-release on ship/prepare-[nonce]
  ship id: [nonce]
  run: https://github.com/acme/widgets/actions/runs/42
▶ waiting for prepare-release
✔ prepare-release succeeded
▶ downloading ship-release
✔ artifact is valid
▶ updating release/next to a1b2c3d
▶ opening Release PR
✔ Release PR opened
  pr: https://github.com/acme/widgets/pull/7

  version: 1.4.0
  tag: v1.4.0

- review and merge the PR, then run `gh ship release`
