---
source: tests/setup.rs
expression: out.diagnostics()
---
✔ .github/ship.yml is valid
  release branch: release/next
ship::validate::setup

  × the gh-ship setup has 2 problems
  help: see https://noirbizarre.github.io/gh-ship/workflows/ for the workflow
        contract

Error: ship::validate::workflow

  × workflow `prepare-release` does not declare `on: workflow_dispatch`
  help: gh-ship starts workflows through the API, which can only start
        workflows declaring `on: workflow_dispatch`. A `workflow_call`-only
        workflow — what is usually called a reusable workflow — cannot be
        started this way. Declare both triggers to keep it reusable *and*
        dispatchable.

Error: ship::validate::workflow

  × workflow `prepare-release` does not declare a `dry_run` input
  help: add a boolean `dry_run` input under `workflow_dispatch.inputs` and
        skip pushing when it is true. `gh ship preview` dispatches with
        `dry_run=true`, and GitHub refuses a dispatch carrying an input the
        workflow does not declare.
